[32m2026-10-06 01:10:30[0m | [1mINFO    [0m | [36mmain                [0m | T4A Radar starting
[32m2026-10-06 01:10:30[0m | [33m[1mWARNING [0m | [36msource_aggregator   [0m | TWITTER_BEARER_TOKEN not set — skipping Twitter source
[32m2026-10-06 01:10:30[0m | [1mINFO    [0m | [36msource_aggregator   [0m | Initialized 5 source connectors: ['news_rss', 'reddit', 'gdelt', 'parliament', 'court']
[32m2026-10-06 01:10:31[0m | [1mINFO    [0m | [36msilence_detector    [0m | Tracking: INST-0001 [bill_reading] "Parliament budget session session opens" importance=0.51
[32m2026-10-06 01:10:31[0m | [1mINFO    [0m | [36msilence_detector    [0m | Tracking: INST-0002 [budget_allocation] "Budget 2027 presentation" importance=0.54
[32m2026-10-06 01:10:31[0m | [1mINFO    [0m | [36mstreams             [0m | Initialized 6/6 streams: ['volume_monitor', 'cascade_tracker', 'polarization', 'narrative_fragmentation', 'network_bridge', 'silence_detector']
[32m2026-10-06 01:10:31[0m | [1mINFO    [0m | [36mstate               [0m | Loaded state from /home/runner/work/tessera/tessera/radar/output/state.json
[32m2026-10-06 01:10:31[0m | [1mINFO    [0m | [36mfusion              [0m | Loaded 10995 topics from state
[32m2026-10-06 01:10:31[0m | [1mINFO    [0m | [36mmain                [0m | Running single cycle (--once)
[32m2026-10-06 01:10:31[0m | [1mINFO    [0m | [36mcycle               [0m | Cycle started at 2026-10-06T01:10:31.891617+00:00
[32m2026-10-06 01:10:32[0m | [33m[1mWARNING [0m | [36msource.news_rss     [0m | Feed The Star returned no entries (bozo=1)
[32m2026-10-06 01:10:33[0m | [33m[1mWARNING [0m | [36msource.news_rss     [0m | Feed NHK World returned no entries (bozo=1)
[32m2026-10-06 01:10:35[0m | [33m[1mWARNING [0m | [36msource.news_rss     [0m | Feed Caixin Global returned no entries (bozo=1)
[32m2026-10-06 01:10:36[0m | [33m[1mWARNING [0m | [36msource.news_rss     [0m | Feed Jakarta Post returned no entries (bozo=1)
[32m2026-10-06 01:10:38[0m | [33m[1mWARNING [0m | [36msource.news_rss     [0m | Feed Arab News returned no entries (bozo=1)
[32m2026-10-06 01:10:38[0m | [1mINFO    [0m | [36msource.news_rss     [0m | Fetched 434 events
[32m2026-10-06 01:10:40[0m | [1mINFO    [0m | [36msource.reddit       [0m | Fetched 25 events
[32m2026-10-06 01:10:52[0m | [33m[1mWARNING [0m | [36msource.gdelt        [0m | GDELT rate limited (domestic) — skipping this batch
[32m2026-10-06 01:11:03[0m | [33m[1mWARNING [0m | [36msource.gdelt        [0m | GDELT rate limited (malaysia_interest) — skipping this batch
[32m2026-10-06 01:11:16[0m | [33m[1mWARNING [0m | [36msource.gdelt        [0m | GDELT rate limited (malaysia_interest) — skipping this batch
[32m2026-10-06 01:11:28[0m | [33m[1mWARNING [0m | [36msource.gdelt        [0m | GDELT rate limited (malaysia_interest) — skipping this batch
[32m2026-10-06 01:11:41[0m | [33m[1mWARNING [0m | [36msource.gdelt        [0m | GDELT malaysia_interest non-JSON: Your query was too short or too long.
[32m2026-10-06 01:11:52[0m | [33m[1mWARNING [0m | [36msource.gdelt        [0m | GDELT malaysia_interest non-JSON: Your query was too short or too long.
[32m2026-10-06 01:12:03[0m | [33m[1mWARNING [0m | [36msource.gdelt        [0m | GDELT rate limited (malaysia_interest) — skipping this batch
[32m2026-10-06 01:12:15[0m | [33m[1mWARNING [0m | [36msource.gdelt        [0m | GDELT rate limited (malaysia_interest) — skipping this batch
[32m2026-10-06 01:12:27[0m | [33m[1mWARNING [0m | [36msource.gdelt        [0m | GDELT rate limited (malaysia_interest) — skipping this batch
[32m2026-10-06 01:12:37[0m | [33m[1mWARNING [0m | [36msource.gdelt        [0m | GDELT malaysia_interest non-JSON: Your query was too short or too long.
[32m2026-10-06 01:12:48[0m | [33m[1mWARNING [0m | [36msource.gdelt        [0m | GDELT malaysia_interest non-JSON: Your query was too short or too long.
[32m2026-10-06 01:12:48[0m | [1mINFO    [0m | [36msource.gdelt        [0m | Fetched 0 events
[32m2026-10-06 01:12:51[0m | [1mINFO    [0m | [36msource.parliament   [0m | Fetched 17 events
[32m2026-10-06 01:12:52[0m | [1mINFO    [0m | [36msource.court        [0m | Fetched 12 events
[32m2026-10-06 01:12:52[0m | [1mINFO    [0m | [36msource_aggregator   [0m | Aggregated 488 events from 5 sources
[32m2026-10-06 01:12:52[0m | [1mINFO    [0m | [36mcycle               [0m | Fetched 488 events
[32m2026-10-06 01:12:52[0m | [1mINFO    [0m | [36mforeign_events      [0m | Foreign events buffer: 363 within 24h (172 pruned)
[32m2026-10-06 01:12:52[0m | [1mINFO    [0m | [36msilence_detector    [0m | Tracking: INST-0003 [bill_reading] "E-Jamin operated without formal govt contract for five years, PAC finds. KUALA LUMPUR, Oct 6 &mdash; The e-Jamin system, used in 192 courts nationwide, has operated for five years since 2020 wi..." importance=0.46
[32m2026-10-06 01:12:52[0m | [1mINFO    [0m | [36msilence_detector    [0m | Tracking: INST-0004 [high_court_ruling] "E-Jamin operated without formal govt contract for five years, PAC finds. KUALA LUMPUR, Oct 6 &mdash; The e-Jamin system, used in 192 courts nationwide, has operated for five years since 2020 wi..." importance=0.36
[32m2026-10-06 01:12:52[0m | [1mINFO    [0m | [36msilence_detector    [0m | Tracking: INST-0005 [bill_reading] "Perikatan’s bid to challenge ROS suspension order to be heard by High Court on Oct 13. KUALA LUMPUR, Oct 6 &mdash; The High Court here yesterday set October 13 to hear Perikatan Nasional&rsquo;s (PN) " importance=0.46
[32m2026-10-06 01:12:52[0m | [1mINFO    [0m | [36msilence_detector    [0m | Tracking: INST-0006 [high_court_ruling] "Perikatan’s bid to challenge ROS suspension order to be heard by High Court on Oct 13. KUALA LUMPUR, Oct 6 &mdash; The High Court here yesterday set October 13 to hear Perikatan Nasional&rsquo;s (PN) " importance=0.36
[32m2026-10-06 01:12:52[0m | [1mINFO    [0m | [36msilence_detector    [0m | Tracking: INST-0007 [bill_reading] "In Dewan Rakyat today: Issues on Myanmar nationals, school student safety among matters to be raised. KUALA LUMPUR, Oct 6 &mdash; The presence of Myanmar nationals in Malaysia and student safety in sc" importance=0.46
[32m2026-10-06 01:12:52[0m | [1mINFO    [0m | [36msilence_detector    [0m | Tracking: INST-0008 [high_court_ruling] "Company was right to sack officer for concealing conviction, court rules. The Industrial Court said dishonesty in an employment declaration was a serious matter and was sufficient ground for immediate" importance=0.36
[32m2026-10-06 01:12:52[0m | [1mINFO    [0m | [36msilence_detector    [0m | Tracking: INST-0009 [high_court_ruling] "Syarikat wajar pecat pegawai sorok sabitan jenayah, putus mahkamah. Mahkamah Perusahaan putuskan, ketidakjujuran dalam deklarasi kerja merupakan isu serius, jadi asas kukuh pemecatan serta-merta." importance=0.36
[32m2026-10-06 01:12:52[0m | [1mINFO    [0m | [36msilence_detector    [0m | Tracking: INST-0010 [high_court_ruling] "Different political stakes shape how Umno handles PAS talks, says analyst. Umno deputy president Mohamad Hasan appears to have more room to defend the party’s interests than party president Ahmad Zahi" importance=0.31
[32m2026-10-06 01:12:52[0m | [1mINFO    [0m | [36msilence_detector    [0m | Tracking: INST-0011 [high_court_ruling] "Pertimbangan politik berbeza pengaruhi cara Umno kendali rundingan PAS. Penganalisis berkata Timbalan Presiden Umno Mohamad Hasan dilihat ada lebih banyak ruang pertahan kepentingan parti berbanding P" importance=0.31
[32m2026-10-06 01:12:52[0m | [1mINFO    [0m | [36msilence_detector    [0m | Tracking: INST-0012 [bill_reading] "Govt says AI chatbots aimed at children will have safety built in. Digital minister Gobind Singh Deo says child protection is being 'comprehensively' integrated into the proposed AI Governance Bill." importance=0.51
[32m2026-10-06 01:12:52[0m | [1mINFO    [0m | [36msilence_detector    [0m | Tracking: INST-0013 [bill_reading] "US warns foreign financial institutions not to do business with Iran. Iran reportedly used 'shadow banking' channels to circumvent US sanctions, with financial institutions urged to identify and avoid" importance=0.41
[32m2026-10-06 01:12:52[0m | [1mINFO    [0m | [36msilence_detector    [0m | Tracking: INST-0014 [bill_reading] "Nepal henti SAR susulan banjir dahsyat. Agensi berkaitan diarah mempercepatkan usaha pembinaan semula dan pemulihan, sambil meneruskan operasi mencari yang penting saja." importance=0.46
[32m2026-10-06 01:12:52[0m | [1mINFO    [0m | [36msilence_detector    [0m | Tracking: INST-0015 [high_court_ruling] "Esposito seals Italy win over Turkey in Nations League. Italy beat Turkey 3-1 with goals from Gianluca Scamacca, Riccardo Calafiori and Pio Esposito." importance=0.36
[32m2026-10-06 01:12:52[0m | [1mINFO    [0m | [36msilence_detector    [0m | Tracking: INST-0016 [high_court_ruling] "F1 driver Bottas cycles from Malaysia to Singapore Grand Prix. Formula One driver Valtteri Bottas is pedalling 350km from Malaysia to the Singapore Grand Prix after retiring from the Bahrain Grand Pri" importance=0.36
[32m2026-10-06 01:12:52[0m | [1mINFO    [0m | [36msilence_detector    [0m | Tracking: INST-0017 [bill_reading] "IGP: Police record statements from 25 witnesses in KLIA incident involving border agency chief. KUALA LUMPUR, Oct 5 &mdash; Police have recorded statements from 25 witnesses as part of investigations " importance=0.41
[32m2026-10-06 01:12:52[0m | [1mINFO    [0m | [36msilence_detector    [0m | Tracking: INST-0018 [bill_reading] "PM Anwar: Land encroachment must be taken seriously. KUALA LUMPUR, Oct 5 &mdash; Good governance practices must continue to be upheld, while any form of unauthorised land en..." importance=0.46
[32m2026-10-06 01:12:52[0m | [1mINFO    [0m | [36msilence_detector    [0m | Tracking: INST-0019 [high_court_ruling] "Warehouse worker pleads not guilty to driving under the influence, injuring two marathon runners. KUALA LUMPUR, Oct 5 &mdash;An e-commerce platform warehouse worker pleaded not guilty in the Magistrat" importance=0.36
[32m2026-10-06 01:12:52[0m | [1mINFO    [0m | [36msilence_detector    [0m | Tracking: INST-0020 [high_court_ruling] "High Court rejects Bar bid to challenge Ahmad  Terrirudin’s JAC appointment. KUALA LUMPUR, Oct 5 &mdash; The High Court today dismissed the Malaysian Bar&rsquo;s application for leave to commence j..." importance=0.46
[32m2026-10-06 01:12:52[0m | [1mINFO    [0m | [36msilence_detector    [0m | Tracking: INST-0021 [statutory_instrument] "Malaysia’s statutory debt at RM1.295t, or 63.9pc of GDP, still within legal limit, says Auditor General’s report. KUALA LUMPUR, Oct 5 &mdash; The Federal Government&rsquo;s statutory debt-to-gross dom" importance=0.42
[32m2026-10-06 01:12:52[0m | [1mINFO    [0m | [36msilence_detector    [0m | Tracking: INST-0022 [bill_reading] "Targeted subsidy reforms help cut Malaysia’s 2025 bill by RM15.67b, federal audit shows. KUALA LUMPUR, Oct 5 &mdash; The government has managed to reduce its subsidy expenditure by 40.1 per cent to RM" importance=0.66
[32m2026-10-06 01:12:52[0m | [1mINFO    [0m | [36msilence_detector    [0m | Tracking: INST-0023 [bill_reading] "Govt’s dividend income edges up 1.4pc to RM39.55b, with Petronas paying most of it, says A-G. KUALA LUMPUR, Oct 5 &mdash; The Federal Government received investment dividends amounting to RM39.547 bil" importance=0.61
[32m2026-10-06 01:12:52[0m | [1mINFO    [0m | [36msilence_detector    [0m | Tracking: INST-0024 [high_court_ruling] "Prosecution to call up to 20 witnesses as GISBH money laundering trial proceeds at Shah Alam court. SHAH ALAM, Oct 5 &mdash; The Sessions Court here was informed today that the representation submitte" importance=0.36
[32m2026-10-06 01:12:52[0m | [1mINFO    [0m | [36msilence_detector    [0m | Tracking: INST-0025 [bill_reading] "No mandatory e-Consular registration yet, but foreign minister wants Malaysians abroad to sign up to make contact in emergencies easier. KUALA LUMPUR, Oct 5 &mdash; The government does not yet intend " importance=0.51
[32m2026-10-06 01:12:52[0m | [1mINFO    [0m | [36msilence_detector    [0m | Tracking: INST-0026 [bill_reading] "RM68.81m in contractor advance payments still unrecovered, Audit Dept finds. &nbsp;KUALA LUMPUR, Oct 5 &mdash; A total of RM68.81 million in contractor advance payments (WPK) involving 24 projects..." importance=0.55
[32m2026-10-06 01:12:52[0m | [1mINFO    [0m | [36msilence_detector    [0m | Tracking: INST-0027 [high_court_ruling] "Perikatan parties file judicial review challenging ROS suspension, show-cause letter. KUALA LUMPUR, Oct 5 &mdash; Perikatan Nasional (PN) leaders have filed a judicial review challenging the Registrar" importance=0.36
[32m2026-10-06 01:12:52[0m | [1mINFO    [0m | [36msilence_detector    [0m | Tracking: INST-0028 [bill_reading] "Deputy Speaker conveys condolences to Dr Mahathir, announces King’s assent to seven Acts as Dewan Rakyat sitting opens. KUALA LUMPUR, Oct 5 &mdash; His Majesty Sultan Ibrahim, King of Malaysia, has gi" importance=0.46
[32m2026-10-06 01:12:52[0m | [1mINFO    [0m | [36msilence_detector    [0m | Tracking: INST-0029 [bill_reading] "Lee Chean Chung’s exit as MP is official, Election Commission told of Petaling Jaya seat vacancy. KUALA LUMPUR, Oct 5 &mdash; Dewan Rakyat Speaker Tan Sri Dr Johari Abdul received the resignation lett" importance=0.46
[32m2026-10-06 01:12:52[0m | [1mINFO    [0m | [36msilence_detector    [0m | Tracking: INST-0030 [bill_reading] "Audit Dept flags continued delays, RM514m in unauthorised variation orders on Sabah Pan Borneo Highway. KUALA LUMPUR, Oct 5 &mdash; A total of 10 work packages for the Sarawak Pan Borneo Highway (LPB)" importance=0.48
[32m2026-10-06 01:12:52[0m | [1mINFO    [0m | [36msilence_detector    [0m | Tracking: INST-0031 [bill_reading] "Hazy start to the week: Cheras, Putrajaya and Johan Setia among seven areas nationwide with unhealthy air. KUALA LUMPUR, Oct 5 &mdash; Seven areas nationwide recorded Air Pollutant Index (API) reading" importance=0.41
[32m2026-10-06 01:12:53[0m | [1mINFO    [0m | [36mcycle               [0m | Streams processed: {'cascade_tracker': 'ok', 'narrative_fragmentation': 'ok', 'volume_monitor': 'ok', 'network_bridge': 'ok', 'polarization': 'ok', 'silence_detector': 'ok'}
[32m2026-10-06 01:12:53[0m | [1mINFO    [0m | [36mcycle               [0m | Matched 30 config keywords in events. Top: [('malay', 36), ('government', 35), ('minister', 31), ('election', 26), ('pas', 25), ('india', 20), ('chinese', 18), ('vote', 17), ('protest', 13), ('isa', 13)]
[32m2026-10-06 01:12:53[0m | [1mINFO    [0m | [36mcycle               [0m | Silence detector: 20 events monitored, 20 flagged
[32m2026-10-06 01:12:53[0m | [1mINFO    [0m | [36mcycle               [0m | Issue queue: 11003 active topics
[32m2026-10-06 01:12:53[0m | [1mINFO    [0m | [36moutput              [0m | 1206 active issues, 9786 new, 9797 pruned
[32m2026-10-06 01:12:53[0m | [1mINFO    [0m | [36mstate               [0m | Loaded state from /home/runner/work/tessera/tessera/radar/output/state.json
[32m2026-10-06 01:13:29[0m | [1mINFO    [0m | [36mcycle               [0m | Predictions: days_of_data=168  hmm=OK/64  cox=RT/1206  sarima=RT/1206
[32m2026-10-06 01:13:30[0m | [1mINFO    [0m | [36mcycle               [0m | Silence watch: 25 picks over threshold (queue=1206)
[32m2026-10-06 01:13:30[0m | [1mINFO    [0m | [36mcycle               [0m | Cycle complete. 11003 active topics. Top: parliament budget session session opens (score: 0.99)
